Archive member included to satisfy reference by file (symbol)

/usr/lib/gcc/arm-none-eabi/9.2.1/thumb/v7-m/nofp/libgcc.a(_arm_mulsf3.o)
                              CMakeFiles/imu2can_f103.elf.dir/applications/pid.c.obj (__aeabi_fmul)
/usr/lib/gcc/arm-none-eabi/9.2.1/thumb/v7-m/nofp/libgcc.a(_arm_addsubsf3.o)
                              CMakeFiles/imu2can_f103.elf.dir/applications/pid.c.obj (__aeabi_fsub)
/usr/lib/gcc/arm-none-eabi/9.2.1/thumb/v7-m/nofp/libgcc.a(_arm_cmpsf2.o)
                              CMakeFiles/imu2can_f103.elf.dir/applications/imu_interrupt.c.obj (__aeabi_fcmplt)
/usr/lib/gcc/arm-none-eabi/9.2.1/thumb/v7-m/nofp/libgcc.a(_arm_fixunssfsi.o)
                              CMakeFiles/imu2can_f103.elf.dir/applications/imu_interrupt.c.obj (__aeabi_f2uiz)
/usr/lib/gcc/arm-none-eabi/9.2.1/../../../arm-none-eabi/lib/thumb/v7-m/nofp/libg.a(lib_a-atexit.o)
                              /usr/lib/gcc/arm-none-eabi/9.2.1/../../../arm-none-eabi/lib/thumb/v7-m/nofp/crt0.o (atexit)
/usr/lib/gcc/arm-none-eabi/9.2.1/../../../arm-none-eabi/lib/thumb/v7-m/nofp/libg.a(lib_a-errno.o)
                              CMakeFiles/imu2can_f103.elf.dir/Src/syscalls.c.obj (__errno)
/usr/lib/gcc/arm-none-eabi/9.2.1/../../../arm-none-eabi/lib/thumb/v7-m/nofp/libg.a(lib_a-exit.o)
                              /usr/lib/gcc/arm-none-eabi/9.2.1/../../../arm-none-eabi/lib/thumb/v7-m/nofp/crt0.o (exit)
/usr/lib/gcc/arm-none-eabi/9.2.1/../../../arm-none-eabi/lib/thumb/v7-m/nofp/libg.a(lib_a-fini.o)
                              /usr/lib/gcc/arm-none-eabi/9.2.1/../../../arm-none-eabi/lib/thumb/v7-m/nofp/crt0.o (__libc_fini_array)
/usr/lib/gcc/arm-none-eabi/9.2.1/../../../arm-none-eabi/lib/thumb/v7-m/nofp/libg.a(lib_a-impure.o)
                              /usr/lib/gcc/arm-none-eabi/9.2.1/../../../arm-none-eabi/lib/thumb/v7-m/nofp/libg.a(lib_a-exit.o) (_global_impure_ptr)
/usr/lib/gcc/arm-none-eabi/9.2.1/../../../arm-none-eabi/lib/thumb/v7-m/nofp/libg.a(lib_a-init.o)
                              /usr/lib/gcc/arm-none-eabi/9.2.1/../../../arm-none-eabi/lib/thumb/v7-m/nofp/crt0.o (__libc_init_array)
/usr/lib/gcc/arm-none-eabi/9.2.1/../../../arm-none-eabi/lib/thumb/v7-m/nofp/libg.a(lib_a-memset.o)
                              /usr/lib/gcc/arm-none-eabi/9.2.1/../../../arm-none-eabi/lib/thumb/v7-m/nofp/crt0.o (memset)
/usr/lib/gcc/arm-none-eabi/9.2.1/../../../arm-none-eabi/lib/thumb/v7-m/nofp/libg.a(lib_a-__atexit.o)
                              /usr/lib/gcc/arm-none-eabi/9.2.1/../../../arm-none-eabi/lib/thumb/v7-m/nofp/libg.a(lib_a-atexit.o) (__register_exitproc)
/usr/lib/gcc/arm-none-eabi/9.2.1/../../../arm-none-eabi/lib/thumb/v7-m/nofp/libg.a(lib_a-__call_atexit.o)
                              /usr/lib/gcc/arm-none-eabi/9.2.1/../../../arm-none-eabi/lib/thumb/v7-m/nofp/libg.a(lib_a-exit.o) (__call_exitprocs)

Discarded input sections

 .text          0x0000000000000000        0x0 /usr/lib/gcc/arm-none-eabi/9.2.1/thumb/v7-m/nofp/crti.o
 .data          0x0000000000000000        0x0 /usr/lib/gcc/arm-none-eabi/9.2.1/thumb/v7-m/nofp/crti.o
 .bss           0x0000000000000000        0x0 /usr/lib/gcc/arm-none-eabi/9.2.1/thumb/v7-m/nofp/crti.o
 .data          0x0000000000000000        0x4 /usr/lib/gcc/arm-none-eabi/9.2.1/thumb/v7-m/nofp/crtbegin.o
 .text          0x0000000000000000       0x70 /usr/lib/gcc/arm-none-eabi/9.2.1/../../../arm-none-eabi/lib/thumb/v7-m/nofp/crt0.o
 .data          0x0000000000000000        0x0 /usr/lib/gcc/arm-none-eabi/9.2.1/../../../arm-none-eabi/lib/thumb/v7-m/nofp/crt0.o
 .bss           0x0000000000000000        0x0 /usr/lib/gcc/arm-none-eabi/9.2.1/../../../arm-none-eabi/lib/thumb/v7-m/nofp/crt0.o
 .ARM.extab     0x0000000000000000        0x0 /usr/lib/gcc/arm-none-eabi/9.2.1/../../../arm-none-eabi/lib/thumb/v7-m/nofp/crt0.o
 .ARM.exidx     0x0000000000000000       0x10 /usr/lib/gcc/arm-none-eabi/9.2.1/../../../arm-none-eabi/lib/thumb/v7-m/nofp/crt0.o
 .debug_line    0x0000000000000000       0x87 /usr/lib/gcc/arm-none-eabi/9.2.1/../../../arm-none-eabi/lib/thumb/v7-m/nofp/crt0.o
 .debug_info    0x0000000000000000       0x26 /usr/lib/gcc/arm-none-eabi/9.2.1/../../../arm-none-eabi/lib/thumb/v7-m/nofp/crt0.o
 .debug_abbrev  0x0000000000000000       0x14 /usr/lib/gcc/arm-none-eabi/9.2.1/../../../arm-none-eabi/lib/thumb/v7-m/nofp/crt0.o
 .debug_aranges
                0x0000000000000000       0x20 /usr/lib/gcc/arm-none-eabi/9.2.1/../../../arm-none-eabi/lib/thumb/v7-m/nofp/crt0.o
 .debug_str     0x0000000000000000       0x94 /usr/lib/gcc/arm-none-eabi/9.2.1/../../../arm-none-eabi/lib/thumb/v7-m/nofp/crt0.o
 .ARM.attributes
                0x0000000000000000       0x1b /usr/lib/gcc/arm-none-eabi/9.2.1/../../../arm-none-eabi/lib/thumb/v7-m/nofp/crt0.o
 .text          0x0000000000000000        0x0 CMakeFiles/imu2can_f103.elf.dir/Drivers/STM32F1xx_HAL_Driver/Src/stm32f1xx_hal.c.obj
 .data          0x0000000000000000        0x0 CMakeFiles/imu2can_f103.elf.dir/Drivers/STM32F1xx_HAL_Driver/Src/stm32f1xx_hal.c.obj
[...]
Memory Configuration

Name             Origin             Length             Attributes
RAM              0x0000000020000000 0x0000000000002800 xrw
FLASH            0x0000000008000000 0x0000000000008000 xr
*default*        0x0000000000000000 0xffffffffffffffff

Linker script and memory map

LOAD /usr/lib/gcc/arm-none-eabi/9.2.1/thumb/v7-m/nofp/crti.o
LOAD /usr/lib/gcc/arm-none-eabi/9.2.1/thumb/v7-m/nofp/crtbegin.o
LOAD /usr/lib/gcc/arm-none-eabi/9.2.1/../../../arm-none-eabi/lib/thumb/v7-m/nofp/crt0.o
LOAD CMakeFiles/imu2can_f103.elf.dir/Drivers/STM32F1xx_HAL_Driver/Src/stm32f1xx_hal.c.obj
LOAD CMakeFiles/imu2can_f103.elf.dir/Drivers/STM32F1xx_HAL_Driver/Src/stm32f1xx_hal_can.c.obj
LOAD CMakeFiles/imu2can_f103.elf.dir/Drivers/STM32F1xx_HAL_Driver/Src/stm32f1xx_hal_cortex.c.obj
LOAD CMakeFiles/imu2can_f103.elf.dir/Drivers/STM32F1xx_HAL_Driver/Src/stm32f1xx_hal_dma.c.obj
LOAD CMakeFiles/imu2can_f103.elf.dir/Drivers/STM32F1xx_HAL_Driver/Src/stm32f1xx_hal_exti.c.obj
LOAD CMakeFiles/imu2can_f103.elf.dir/Drivers/STM32F1xx_HAL_Driver/Src/stm32f1xx_hal_flash.c.obj
LOAD CMakeFiles/imu2can_f103.elf.dir/Drivers/STM32F1xx_HAL_Driver/Src/stm32f1xx_hal_flash_ex.c.obj
LOAD CMakeFiles/imu2can_f103.elf.dir/Drivers/STM32F1xx_HAL_Driver/Src/stm32f1xx_hal_gpio.c.obj
LOAD CMakeFiles/imu2can_f103.elf.dir/Drivers/STM32F1xx_HAL_Driver/Src/stm32f1xx_hal_gpio_ex.c.obj
LOAD CMakeFiles/imu2can_f103.elf.dir/Drivers/STM32F1xx_HAL_Driver/Src/stm32f1xx_hal_pwr.c.obj
LOAD CMakeFiles/imu2can_f103.elf.dir/Drivers/STM32F1xx_HAL_Driver/Src/stm32f1xx_hal_rcc.c.obj
LOAD CMakeFiles/imu2can_f103.elf.dir/Drivers/STM32F1xx_HAL_Driver/Src/stm32f1xx_hal_rcc_ex.c.obj
LOAD CMakeFiles/imu2can_f103.elf.dir/Drivers/STM32F1xx_HAL_Driver/Src/stm32f1xx_hal_spi.c.obj
LOAD CMakeFiles/imu2can_f103.elf.dir/Drivers/STM32F1xx_HAL_Driver/Src/stm32f1xx_hal_tim.c.obj
LOAD CMakeFiles/imu2can_f103.elf.dir/Drivers/STM32F1xx_HAL_Driver/Src/stm32f1xx_hal_tim_ex.c.obj
LOAD CMakeFiles/imu2can_f103.elf.dir/Src/main.c.obj
LOAD CMakeFiles/imu2can_f103.elf.dir/Src/stm32f1xx_hal_msp.c.obj
LOAD CMakeFiles/imu2can_f103.elf.dir/Src/stm32f1xx_it.c.obj
LOAD CMakeFiles/imu2can_f103.elf.dir/Src/syscalls.c.obj
LOAD CMakeFiles/imu2can_f103.elf.dir/Src/system_stm32f1xx.c.obj
LOAD CMakeFiles/imu2can_f103.elf.dir/applications/imu_interrupt.c.obj
LOAD CMakeFiles/imu2can_f103.elf.dir/applications/pid.c.obj
LOAD CMakeFiles/imu2can_f103.elf.dir/bsp/boards/bsp_can.c.obj
LOAD CMakeFiles/imu2can_f103.elf.dir/bsp/boards/imu_pwm.c.obj
LOAD CMakeFiles/imu2can_f103.elf.dir/component/devices/BMI088Middleware.c.obj
LOAD CMakeFiles/imu2can_f103.elf.dir/component/devices/BMI088driver.c.obj
LOAD CMakeFiles/imu2can_f103.elf.dir/startup/startup_stm32f103x6.s.obj
START GROUP
LOAD /usr/lib/gcc/arm-none-eabi/9.2.1/thumb/v7-m/nofp/libgcc.a
LOAD /usr/lib/gcc/arm-none-eabi/9.2.1/../../../arm-none-eabi/lib/thumb/v7-m/nofp/libg.a
LOAD /usr/lib/gcc/arm-none-eabi/9.2.1/../../../arm-none-eabi/lib/thumb/v7-m/nofp/libc.a
END GROUP
LOAD /usr/lib/gcc/arm-none-eabi/9.2.1/thumb/v7-m/nofp/crtend.o
LOAD /usr/lib/gcc/arm-none-eabi/9.2.1/thumb/v7-m/nofp/crtn.o
                0x0000000020002800                _estack = 0x20002800
                0x0000000000000200                _Min_Heap_Size = 0x200
                0x0000000000000400                _Min_Stack_Size = 0x400

.isr_vector     0x0000000008000000      0x10c
                0x0000000008000000                . = ALIGN (0x4)
 *(.isr_vector)
 .isr_vector    0x0000000008000000      0x10c CMakeFiles/imu2can_f103.elf.dir/startup/startup_stm32f103x6.s.obj
                0x0000000008000000                g_pfnVectors
                0x000000000800010c                . = ALIGN (0x4)

.text           0x000000000800010c     0x1828
                0x000000000800010c                . = ALIGN (0x4)
 *(.text)
 .text          0x000000000800010c       0x88 /usr/lib/gcc/arm-none-eabi/9.2.1/thumb/v7-m/nofp/crtbegin.o
 .text          0x0000000008000194        0xc /usr/lib/gcc/arm-none-eabi/9.2.1/../../../arm-none-eabi/lib/thumb/v7-m/nofp/libg.a(lib_a-atexit.o)
                0x0000000008000194                atexit
 .text          0x00000000080001a0       0x34 /usr/lib/gcc/arm-none-eabi/9.2.1/../../../arm-none-eabi/lib/thumb/v7-m/nofp/libg.a(lib_a-fini.o)
                0x00000000080001a0                __libc_fini_array
 .text          0x00000000080001d4       0x48 /usr/lib/gcc/arm-none-eabi/9.2.1/../../../arm-none-eabi/lib/thumb/v7-m/nofp/libg.a(lib_a-init.o)
                0x00000000080001d4                __libc_init_array
 .text          0x000000000800021c       0xa0 /usr/lib/gcc/arm-none-eabi/9.2.1/../../../arm-none-eabi/lib/thumb/v7-m/nofp/libg.a(lib_a-memset.o)
                0x000000000800021c                memset
 .text          0x00000000080002bc       0x64 /usr/lib/gcc/arm-none-eabi/9.2.1/../../../arm-none-eabi/lib/thumb/v7-m/nofp/libg.a(lib_a-__atexit.o)
                0x00000000080002bc                __register_exitproc
 *(.text*)
 .text.HAL_InitTick
                0x0000000008000320       0x4c CMakeFiles/imu2can_f103.elf.dir/Drivers/STM32F1xx_HAL_Driver/Src/stm32f1xx_hal.c.obj
                0x0000000008000320                HAL_InitTick
 .text.HAL_Init
                0x000000000800036c       0x24 CMakeFiles/imu2can_f103.elf.dir/Drivers/STM32F1xx_HAL_Driver/Src/stm32f1xx_hal.c.obj
                0x000000000800036c                HAL_Init
 .text.HAL_IncTick
                0x0000000008000390       0x18 CMakeFiles/imu2can_f103.elf.dir/Drivers/STM32F1xx_HAL_Driver/Src/stm32f1xx_hal.c.obj
                0x0000000008000390                HAL_IncTick
 .text.HAL_GetTick
                0x00000000080003a8        0xc CMakeFiles/imu2can_f103.elf.dir/Drivers/STM32F1xx_HAL_Driver/Src/stm32f1xx_hal.c.obj
                0x00000000080003a8                HAL_GetTick
 .text.HAL_CAN_Init
                0x00000000080003b4      0x14c CMakeFiles/imu2can_f103.elf.dir/Drivers/STM32F1xx_HAL_Driver/Src/stm32f1xx_hal_can.c.obj
                0x00000000080003b4                HAL_CAN_Init
 .text.HAL_NVIC_SetPriorityGrouping
                0x0000000008000500       0x24 CMakeFiles/imu2can_f103.elf.dir/Drivers/STM32F1xx_HAL_Driver/Src/stm32f1xx_hal_cortex.c.obj
                0x0000000008000500                HAL_NVIC_SetPriorityGrouping
 .text.HAL_NVIC_SetPriority
                0x0000000008000524       0x68 CMakeFiles/imu2can_f103.elf.dir/Drivers/STM32F1xx_HAL_Driver/Src/stm32f1xx_hal_cortex.c.obj
                0x0000000008000524                HAL_NVIC_SetPriority
 .text.HAL_NVIC_EnableIRQ
                0x000000000800058c       0x1c CMakeFiles/imu2can_f103.elf.dir/Drivers/STM32F1xx_HAL_Driver/Src/stm32f1xx_hal_cortex.c.obj
                0x000000000800058c                HAL_NVIC_EnableIRQ
 .text.HAL_SYSTICK_Config
                0x00000000080005a8       0x2c CMakeFiles/imu2can_f103.elf.dir/Drivers/STM32F1xx_HAL_Driver/Src/stm32f1xx_hal_cortex.c.obj
                0x00000000080005a8                HAL_SYSTICK_Config
 .text.HAL_DMA_Init
                0x00000000080005d4       0x6c CMakeFiles/imu2can_f103.elf.dir/Drivers/STM32F1xx_HAL_Driver/Src/stm32f1xx_hal_dma.c.obj
                0x00000000080005d4                HAL_DMA_Init
 .text.HAL_DMA_IRQHandler
                0x0000000008000640      0x144 CMakeFiles/imu2can_f103.elf.dir/Drivers/STM32F1xx_HAL_Driver/Src/stm32f1xx_hal_dma.c.obj
                0x0000000008000640                HAL_DMA_IRQHandler
 .text.HAL_GPIO_Init
                0x0000000008000784      0x218 CMakeFiles/imu2can_f103.elf.dir/Drivers/STM32F1xx_HAL_Driver/Src/stm32f1xx_hal_gpio.c.obj
                0x0000000008000784                HAL_GPIO_Init
 .text.RCC_Delay
                0x000000000800099c       0x2c CMakeFiles/imu2can_f103.elf.dir/Drivers/STM32F1xx_HAL_Driver/Src/stm32f1xx_hal_rcc.c.obj
 .text.HAL_RCC_OscConfig
                0x00000000080009c8      0x410 CMakeFiles/imu2can_f103.elf.dir/Drivers/STM32F1xx_HAL_Driver/Src/stm32f1xx_hal_rcc.c.obj
                0x00000000080009c8                HAL_RCC_OscConfig
 .text.HAL_RCC_GetSysClockFreq
                0x0000000008000dd8       0x6c CMakeFiles/imu2can_f103.elf.dir/Drivers/STM32F1xx_HAL_Driver/Src/stm32f1xx_hal_rcc.c.obj
                0x0000000008000dd8                HAL_RCC_GetSysClockFreq
 .text.HAL_RCC_ClockConfig
                0x0000000008000e44      0x16c CMakeFiles/imu2can_f103.elf.dir/Drivers/STM32F1xx_HAL_Driver/Src/stm32f1xx_hal_rcc.c.obj
                0x0000000008000e44                HAL_RCC_ClockConfig
 .text.HAL_SPI_Init
                0x0000000008000fb0       0xb6 CMakeFiles/imu2can_f103.elf.dir/Drivers/STM32F1xx_HAL_Driver/Src/stm32f1xx_hal_spi.c.obj
                0x0000000008000fb0                HAL_SPI_Init
 *fill*         0x0000000008001066        0x2 
 .text.TIM_OC1_SetConfig
                0x0000000008001068       0x5c CMakeFiles/imu2can_f103.elf.dir/Drivers/STM32F1xx_HAL_Driver/Src/stm32f1xx_hal_tim.c.obj
 .text.TIM_OC3_SetConfig
                0x00000000080010c4       0x64 CMakeFiles/imu2can_f103.elf.dir/Drivers/STM32F1xx_HAL_Driver/Src/stm32f1xx_hal_tim.c.obj
 .text.TIM_OC4_SetConfig
                0x0000000008001128       0x48 CMakeFiles/imu2can_f103.elf.dir/Drivers/STM32F1xx_HAL_Driver/Src/stm32f1xx_hal_tim.c.obj
 .text.TIM_Base_SetConfig
                0x0000000008001170       0x64 CMakeFiles/imu2can_f103.elf.dir/Drivers/STM32F1xx_HAL_Driver/Src/stm32f1xx_hal_tim.c.obj
                0x0000000008001170                TIM_Base_SetConfig
 .text.HAL_TIM_PWM_Init
                0x00000000080011d4       0x58 CMakeFiles/imu2can_f103.elf.dir/Drivers/STM32F1xx_HAL_Driver/Src/stm32f1xx_hal_tim.c.obj
                0x00000000080011d4                HAL_TIM_PWM_Init
 .text.TIM_OC2_SetConfig
                0x000000000800122c       0x64 CMakeFiles/imu2can_f103.elf.dir/Drivers/STM32F1xx_HAL_Driver/Src/stm32f1xx_hal_tim.c.obj
                0x000000000800122c                TIM_OC2_SetConfig
 .text.HAL_TIM_PWM_ConfigChannel
                0x0000000008001290       0xd0 CMakeFiles/imu2can_f103.elf.dir/Drivers/STM32F1xx_HAL_Driver/Src/stm32f1xx_hal_tim.c.obj
                0x0000000008001290                HAL_TIM_PWM_ConfigChannel
 .text.HAL_TIMEx_MasterConfigSynchronization
                0x0000000008001360       0x60 CMakeFiles/imu2can_f103.elf.dir/Drivers/STM32F1xx_HAL_Driver/Src/stm32f1xx_hal_tim_ex.c.obj
                0x0000000008001360                HAL_TIMEx_MasterConfigSynchronization
 .text.HAL_TIMEx_ConfigBreakDeadTime
                0x00000000080013c0       0x52 CMakeFiles/imu2can_f103.elf.dir/Drivers/STM32F1xx_HAL_Driver/Src/stm32f1xx_hal_tim_ex.c.obj
                0x00000000080013c0                HAL_TIMEx_ConfigBreakDeadTime
 *fill*         0x0000000008001412        0x2 
 .text.MX_GPIO_Init
                0x0000000008001414       0x30 CMakeFiles/imu2can_f103.elf.dir/Src/main.c.obj
 .text.Error_Handler
                0x0000000008001444        0x4 CMakeFiles/imu2can_f103.elf.dir/Src/main.c.obj
                0x0000000008001444                Error_Handler
 .text.MX_DMA_Init
                0x0000000008001448       0x74 CMakeFiles/imu2can_f103.elf.dir/Src/main.c.obj
 .text.MX_CAN_Init
                0x00000000080014bc       0x40 CMakeFiles/imu2can_f103.elf.dir/Src/main.c.obj
 .text.MX_SPI1_Init
                0x00000000080014fc       0x44 CMakeFiles/imu2can_f103.elf.dir/Src/main.c.obj
 .text.MX_TIM1_Init
                0x0000000008001540       0xac CMakeFiles/imu2can_f103.elf.dir/Src/main.c.obj
 .text.SystemClock_Config
                0x00000000080015ec       0x58 CMakeFiles/imu2can_f103.elf.dir/Src/main.c.obj
                0x00000000080015ec                SystemClock_Config
 .text.main     0x0000000008001644       0x20 CMakeFiles/imu2can_f103.elf.dir/Src/main.c.obj
                0x0000000008001644                main
 .text.HAL_MspInit
                0x0000000008001664       0x44 CMakeFiles/imu2can_f103.elf.dir/Src/stm32f1xx_hal_msp.c.obj
                0x0000000008001664                HAL_MspInit
 .text.HAL_CAN_MspInit
                0x00000000080016a8       0x78 CMakeFiles/imu2can_f103.elf.dir/Src/stm32f1xx_hal_msp.c.obj
                0x00000000080016a8                HAL_CAN_MspInit
 .text.HAL_SPI_MspInit
                0x0000000008001720       0xe4 CMakeFiles/imu2can_f103.elf.dir/Src/stm32f1xx_hal_msp.c.obj
                0x0000000008001720                HAL_SPI_MspInit
 .text.HAL_TIM_PWM_MspInit
                0x0000000008001804       0x2c CMakeFiles/imu2can_f103.elf.dir/Src/stm32f1xx_hal_msp.c.obj
                0x0000000008001804                HAL_TIM_PWM_MspInit
 .text.HAL_TIM_MspPostInit
                0x0000000008001830       0x50 CMakeFiles/imu2can_f103.elf.dir/Src/stm32f1xx_hal_msp.c.obj
                0x0000000008001830                HAL_TIM_MspPostInit
 .text.NMI_Handler
                0x0000000008001880        0x2 CMakeFiles/imu2can_f103.elf.dir/Src/stm32f1xx_it.c.obj
                0x0000000008001880                NMI_Handler
 .text.HardFault_Handler
                0x0000000008001882        0x2 CMakeFiles/imu2can_f103.elf.dir/Src/stm32f1xx_it.c.obj
                0x0000000008001882                HardFault_Handler
 .text.MemManage_Handler
                0x0000000008001884        0x2 CMakeFiles/imu2can_f103.elf.dir/Src/stm32f1xx_it.c.obj
                0x0000000008001884                MemManage_Handler
 .text.BusFault_Handler
                0x0000000008001886        0x2 CMakeFiles/imu2can_f103.elf.dir/Src/stm32f1xx_it.c.obj
                0x0000000008001886                BusFault_Handler
 .text.UsageFault_Handler
                0x0000000008001888        0x2 CMakeFiles/imu2can_f103.elf.dir/Src/stm32f1xx_it.c.obj
                0x0000000008001888                UsageFault_Handler
 .text.SVC_Handler
                0x000000000800188a        0x2 CMakeFiles/imu2can_f103.elf.dir/Src/stm32f1xx_it.c.obj
                0x000000000800188a                SVC_Handler
 .text.DebugMon_Handler
                0x000000000800188c        0x2 CMakeFiles/imu2can_f103.elf.dir/Src/stm32f1xx_it.c.obj
                0x000000000800188c                DebugMon_Handler
 .text.PendSV_Handler
                0x000000000800188e        0x2 CMakeFiles/imu2can_f103.elf.dir/Src/stm32f1xx_it.c.obj
                0x000000000800188e                PendSV_Handler
 .text.SysTick_Handler
                0x0000000008001890        0x8 CMakeFiles/imu2can_f103.elf.dir/Src/stm32f1xx_it.c.obj
                0x0000000008001890                SysTick_Handler
 .text.DMA1_Channel2_IRQHandler
                0x0000000008001898       0x10 CMakeFiles/imu2can_f103.elf.dir/Src/stm32f1xx_it.c.obj
                0x0000000008001898                DMA1_Channel2_IRQHandler
 .text.DMA1_Channel3_IRQHandler
                0x00000000080018a8       0x10 CMakeFiles/imu2can_f103.elf.dir/Src/stm32f1xx_it.c.obj
                0x00000000080018a8                DMA1_Channel3_IRQHandler
 .text.SystemInit
                0x00000000080018b8        0x2 CMakeFiles/imu2can_f103.elf.dir/Src/system_stm32f1xx.c.obj
                0x00000000080018b8                SystemInit
 *fill*         0x00000000080018ba        0x2 
 .text.Reset_Handler
                0x00000000080018bc       0x48 CMakeFiles/imu2can_f103.elf.dir/startup/startup_stm32f103x6.s.obj
                0x00000000080018bc                Reset_Handler
 .text.Default_Handler
                0x0000000008001904        0x2 CMakeFiles/imu2can_f103.elf.dir/startup/startup_stm32f103x6.s.obj
                0x0000000008001904                RTC_Alarm_IRQHandler
                0x0000000008001904                EXTI2_IRQHandler
                0x0000000008001904                TIM1_CC_IRQHandler
                0x0000000008001904                PVD_IRQHandler
                0x0000000008001904                EXTI3_IRQHandler
                0x0000000008001904                EXTI0_IRQHandler
                0x0000000008001904                ADC1_2_IRQHandler
                0x0000000008001904                SPI1_IRQHandler
                0x0000000008001904                TAMPER_IRQHandler
                0x0000000008001904                DMA1_Channel4_IRQHandler
                0x0000000008001904                RTC_IRQHandler
                0x0000000008001904                DMA1_Channel7_IRQHandler
                0x0000000008001904                CAN1_RX1_IRQHandler
                0x0000000008001904                I2C1_EV_IRQHandler
                0x0000000008001904                DMA1_Channel6_IRQHandler
                0x0000000008001904                TIM3_IRQHandler
                0x0000000008001904                RCC_IRQHandler
                0x0000000008001904                TIM1_TRG_COM_IRQHandler
                0x0000000008001904                DMA1_Channel1_IRQHandler
                0x0000000008001904                Default_Handler
                0x0000000008001904                EXTI15_10_IRQHandler
                0x0000000008001904                EXTI9_5_IRQHandler
                0x0000000008001904                DMA1_Channel5_IRQHandler
                0x0000000008001904                EXTI4_IRQHandler
                0x0000000008001904                USB_LP_CAN1_RX0_IRQHandler
                0x0000000008001904                USB_HP_CAN1_TX_IRQHandler
                0x0000000008001904                TIM1_UP_IRQHandler
                0x0000000008001904                WWDG_IRQHandler
                0x0000000008001904                TIM2_IRQHandler
                0x0000000008001904                TIM1_BRK_IRQHandler
                0x0000000008001904                EXTI1_IRQHandler
                0x0000000008001904                USART2_IRQHandler
                0x0000000008001904                CAN1_SCE_IRQHandler
                0x0000000008001904                FLASH_IRQHandler
                0x0000000008001904                USART1_IRQHandler
                0x0000000008001904                I2C1_ER_IRQHandler
                0x0000000008001904                USBWakeUp_IRQHandler
 *fill*         0x0000000008001906        0x2 
 .text.startup  0x0000000008001908       0x14 /usr/lib/gcc/arm-none-eabi/9.2.1/../../../arm-none-eabi/lib/thumb/v7-m/nofp/libg.a(lib_a-__call_atexit.o)
 *(.glue_7)
 .glue_7        0x000000000800191c        0x0 linker stubs
 *(.glue_7t)
 .glue_7t       0x000000000800191c        0x0 linker stubs
 *(.eh_frame)
 .eh_frame      0x000000000800191c        0x0 /usr/lib/gcc/arm-none-eabi/9.2.1/thumb/v7-m/nofp/crtbegin.o
 *(.init)
 .init          0x000000000800191c        0x4 /usr/lib/gcc/arm-none-eabi/9.2.1/thumb/v7-m/nofp/crti.o
                0x000000000800191c                _init
 .init          0x0000000008001920        0x8 /usr/lib/gcc/arm-none-eabi/9.2.1/thumb/v7-m/nofp/crtn.o
 *(.fini)
 .fini          0x0000000008001928        0x4 /usr/lib/gcc/arm-none-eabi/9.2.1/thumb/v7-m/nofp/crti.o
                0x0000000008001928                _fini
 .fini          0x000000000800192c        0x8 /usr/lib/gcc/arm-none-eabi/9.2.1/thumb/v7-m/nofp/crtn.o
                0x0000000008001934                . = ALIGN (0x4)
                0x0000000008001934                _etext = .

.vfp11_veneer   0x0000000008001934        0x0
 .vfp11_veneer  0x0000000008001934        0x0 linker stubs

.v4_bx          0x0000000008001934        0x0
 .v4_bx         0x0000000008001934        0x0 linker stubs

.iplt           0x0000000008001934        0x0
 .iplt          0x0000000008001934        0x0 /usr/lib/gcc/arm-none-eabi/9.2.1/thumb/v7-m/nofp/crtbegin.o

.rodata         0x0000000008001934       0x28
                0x0000000008001934                . = ALIGN (0x4)
 *(.rodata)
 .rodata        0x0000000008001934        0x4 /usr/lib/gcc/arm-none-eabi/9.2.1/../../../arm-none-eabi/lib/thumb/v7-m/nofp/libg.a(lib_a-impure.o)
                0x0000000008001934                _global_impure_ptr
 *(.rodata*)
 .rodata.HAL_RCC_GetSysClockFreq.str1.4
                0x0000000008001938       0x11 CMakeFiles/imu2can_f103.elf.dir/Drivers/STM32F1xx_HAL_Driver/Src/stm32f1xx_hal_rcc.c.obj
 *fill*         0x0000000008001949        0x3 
 .rodata.AHBPrescTable
                0x000000000800194c       0x10 CMakeFiles/imu2can_f103.elf.dir/Src/system_stm32f1xx.c.obj
                0x000000000800194c                AHBPrescTable
                0x000000000800195c                . = ALIGN (0x4)

.rel.dyn        0x000000000800195c        0x0
 .rel.iplt      0x000000000800195c        0x0 /usr/lib/gcc/arm-none-eabi/9.2.1/thumb/v7-m/nofp/crtbegin.o

.ARM.extab
 *(.ARM.extab* .gnu.linkonce.armextab.*)

.ARM            0x000000000800195c        0x0
                0x000000000800195c                __exidx_start = .
 *(.ARM.exidx*)
                0x000000000800195c                __exidx_end = .

.preinit_array  0x000000000800195c        0x0
                0x000000000800195c                PROVIDE (__preinit_array_start = .)
 *(.preinit_array*)
                0x000000000800195c                PROVIDE (__preinit_array_end = .)

.init_array     0x000000000800195c        0x8
                0x000000000800195c                PROVIDE (__init_array_start = .)
 *(SORT_BY_NAME(.init_array.*))
 .init_array.00000
                0x000000000800195c        0x4 /usr/lib/gcc/arm-none-eabi/9.2.1/../../../arm-none-eabi/lib/thumb/v7-m/nofp/libg.a(lib_a-__call_atexit.o)
 *(.init_array*)
 .init_array    0x0000000008001960        0x4 /usr/lib/gcc/arm-none-eabi/9.2.1/thumb/v7-m/nofp/crtbegin.o
                0x0000000008001964                PROVIDE (__init_array_end = .)

.fini_array     0x0000000008001964        0x4
                0x0000000008001964                PROVIDE (__fini_array_start = .)
 *(SORT_BY_NAME(.fini_array.*))
 *(.fini_array*)
 .fini_array    0x0000000008001964        0x4 /usr/lib/gcc/arm-none-eabi/9.2.1/thumb/v7-m/nofp/crtbegin.o
                0x0000000008001968                PROVIDE (__fini_array_end = .)
                0x0000000008001968                _sidata = LOADADDR (.data)

.data           0x0000000020000000      0x43c load address 0x0000000008001968
                0x0000000020000000                . = ALIGN (0x4)
                0x0000000020000000                _sdata = .
 *(.data)
 .data          0x0000000020000000      0x430 /usr/lib/gcc/arm-none-eabi/9.2.1/../../../arm-none-eabi/lib/thumb/v7-m/nofp/libg.a(lib_a-impure.o)
                0x0000000020000000                _impure_ptr
 *(.data*)
 .data.uwTickFreq
                0x0000000020000430        0x1 CMakeFiles/imu2can_f103.elf.dir/Drivers/STM32F1xx_HAL_Driver/Src/stm32f1xx_hal.c.obj
                0x0000000020000430                uwTickFreq
 *fill*         0x0000000020000431        0x3 
 .data.uwTickPrio
                0x0000000020000434        0x4 CMakeFiles/imu2can_f103.elf.dir/Drivers/STM32F1xx_HAL_Driver/Src/stm32f1xx_hal.c.obj
                0x0000000020000434                uwTickPrio
 .data.SystemCoreClock
                0x0000000020000438        0x4 CMakeFiles/imu2can_f103.elf.dir/Src/system_stm32f1xx.c.obj
                0x0000000020000438                SystemCoreClock
                0x000000002000043c                . = ALIGN (0x4)
                0x000000002000043c                _edata = .

.tm_clone_table
                0x000000002000043c        0x0 load address 0x0000000008001da4
 .tm_clone_table
                0x000000002000043c        0x0 /usr/lib/gcc/arm-none-eabi/9.2.1/thumb/v7-m/nofp/crtbegin.o
 .tm_clone_table
                0x000000002000043c        0x0 /usr/lib/gcc/arm-none-eabi/9.2.1/thumb/v7-m/nofp/crtend.o

.igot.plt       0x000000002000043c        0x0 load address 0x0000000008001da4
 .igot.plt      0x000000002000043c        0x0 /usr/lib/gcc/arm-none-eabi/9.2.1/thumb/v7-m/nofp/crtbegin.o
                0x000000002000043c                . = ALIGN (0x4)

.bss            0x000000002000043c      0x1b4 load address 0x0000000008001da4
                0x000000002000043c                _sbss = .
                0x000000002000043c                __bss_start__ = _sbss
 *(.bss)
 .bss           0x000000002000043c       0x1c /usr/lib/gcc/arm-none-eabi/9.2.1/thumb/v7-m/nofp/crtbegin.o
 *(.bss*)
 .bss.uwTick    0x0000000020000458        0x4 CMakeFiles/imu2can_f103.elf.dir/Drivers/STM32F1xx_HAL_Driver/Src/stm32f1xx_hal.c.obj
                0x0000000020000458                uwTick
 .bss.hcan      0x000000002000045c       0x28 CMakeFiles/imu2can_f103.elf.dir/Src/main.c.obj
                0x000000002000045c                hcan
 .bss.hdma_memtomem_dma1_channel1
                0x0000000020000484       0x44 CMakeFiles/imu2can_f103.elf.dir/Src/main.c.obj
                0x0000000020000484                hdma_memtomem_dma1_channel1
 .bss.hdma_spi1_rx
                0x00000000200004c8       0x44 CMakeFiles/imu2can_f103.elf.dir/Src/main.c.obj
                0x00000000200004c8                hdma_spi1_rx
 .bss.hdma_spi1_tx
                0x000000002000050c       0x44 CMakeFiles/imu2can_f103.elf.dir/Src/main.c.obj
                0x000000002000050c                hdma_spi1_tx
 .bss.hspi1     0x0000000020000550       0x58 CMakeFiles/imu2can_f103.elf.dir/Src/main.c.obj
                0x0000000020000550                hspi1
 .bss.htim1     0x00000000200005a8       0x48 CMakeFiles/imu2can_f103.elf.dir/Src/main.c.obj
                0x00000000200005a8                htim1
 *(COMMON)
                0x00000000200005f0                . = ALIGN (0x4)
                0x00000000200005f0                _ebss = .
                0x00000000200005f0                __bss_end__ = _ebss

._user_heap_stack
                0x00000000200005f0      0x600 load address 0x0000000008001da4
                0x00000000200005f0                . = ALIGN (0x8)
                0x00000000200005f0                PROVIDE (end = .)
                [!provide]                        PROVIDE (_end = .)
                0x00000000200007f0                . = (. + _Min_Heap_Size)
 *fill*         0x00000000200005f0      0x200 
                0x0000000020000bf0                . = (. + _Min_Stack_Size)
 *fill*         0x00000000200007f0      0x400 
                0x0000000020000bf0                . = ALIGN (0x8)

/DISCARD/
 libc.a(*)
 libm.a(*)
 libgcc.a(*)

.ARM.attributes
                0x0000000000000000       0x29
 *(.ARM.attributes)
 .ARM.attributes
                0x0000000000000000       0x1d /usr/lib/gcc/arm-none-eabi/9.2.1/thumb/v7-m/nofp/crti.o
 .ARM.attributes
                0x000000000000001d       0x2d /usr/lib/gcc/arm-none-eabi/9.2.1/thumb/v7-m/nofp/crtbegin.o
 .ARM.attributes
                0x000000000000004a       0x2d CMakeFiles/imu2can_f103.elf.dir/Drivers/STM32F1xx_HAL_Driver/Src/stm32f1xx_hal.c.obj
 .ARM.attributes
                0x0000000000000077       0x2d CMakeFiles/imu2can_f103.elf.dir/Drivers/STM32F1xx_HAL_Driver/Src/stm32f1xx_hal_can.c.obj
 .ARM.attributes
                0x00000000000000a4       0x2d CMakeFiles/imu2can_f103.elf.dir/Drivers/STM32F1xx_HAL_Driver/Src/stm32f1xx_hal_cortex.c.obj
 .ARM.attributes
                0x00000000000000d1       0x2d CMakeFiles/imu2can_f103.elf.dir/Drivers/STM32F1xx_HAL_Driver/Src/stm32f1xx_hal_dma.c.obj
 .ARM.attributes
                0x00000000000000fe       0x2d CMakeFiles/imu2can_f103.elf.dir/Drivers/STM32F1xx_HAL_Driver/Src/stm32f1xx_hal_gpio.c.obj
 .ARM.attributes
                0x000000000000012b       0x2d CMakeFiles/imu2can_f103.elf.dir/Drivers/STM32F1xx_HAL_Driver/Src/stm32f1xx_hal_rcc.c.obj
 .ARM.attributes
                0x0000000000000158       0x2d CMakeFiles/imu2can_f103.elf.dir/Drivers/STM32F1xx_HAL_Driver/Src/stm32f1xx_hal_spi.c.obj
 .ARM.attributes
                0x0000000000000185       0x2d CMakeFiles/imu2can_f103.elf.dir/Drivers/STM32F1xx_HAL_Driver/Src/stm32f1xx_hal_tim.c.obj
 .ARM.attributes
                0x00000000000001b2       0x2d CMakeFiles/imu2can_f103.elf.dir/Drivers/STM32F1xx_HAL_Driver/Src/stm32f1xx_hal_tim_ex.c.obj
 .ARM.attributes
                0x00000000000001df       0x2d CMakeFiles/imu2can_f103.elf.dir/Src/main.c.obj
 .ARM.attributes
                0x000000000000020c       0x2d CMakeFiles/imu2can_f103.elf.dir/Src/stm32f1xx_hal_msp.c.obj
 .ARM.attributes
                0x0000000000000239       0x2d CMakeFiles/imu2can_f103.elf.dir/Src/stm32f1xx_it.c.obj
 .ARM.attributes
                0x0000000000000266       0x2d CMakeFiles/imu2can_f103.elf.dir/Src/system_stm32f1xx.c.obj
 .ARM.attributes
                0x0000000000000293       0x21 CMakeFiles/imu2can_f103.elf.dir/startup/startup_stm32f103x6.s.obj
 .ARM.attributes
                0x00000000000002b4       0x2d /usr/lib/gcc/arm-none-eabi/9.2.1/../../../arm-none-eabi/lib/thumb/v7-m/nofp/libg.a(lib_a-atexit.o)
 .ARM.attributes
                0x00000000000002e1       0x2d /usr/lib/gcc/arm-none-eabi/9.2.1/../../../arm-none-eabi/lib/thumb/v7-m/nofp/libg.a(lib_a-fini.o)
 .ARM.attributes
                0x000000000000030e       0x2d /usr/lib/gcc/arm-none-eabi/9.2.1/../../../arm-none-eabi/lib/thumb/v7-m/nofp/libg.a(lib_a-impure.o)
 .ARM.attributes
                0x000000000000033b       0x2d /usr/lib/gcc/arm-none-eabi/9.2.1/../../../arm-none-eabi/lib/thumb/v7-m/nofp/libg.a(lib_a-init.o)
 .ARM.attributes
                0x0000000000000368       0x2d /usr/lib/gcc/arm-none-eabi/9.2.1/../../../arm-none-eabi/lib/thumb/v7-m/nofp/libg.a(lib_a-memset.o)
 .ARM.attributes
                0x0000000000000395       0x2d /usr/lib/gcc/arm-none-eabi/9.2.1/../../../arm-none-eabi/lib/thumb/v7-m/nofp/libg.a(lib_a-__atexit.o)
 .ARM.attributes
                0x00000000000003c2       0x2d /usr/lib/gcc/arm-none-eabi/9.2.1/../../../arm-none-eabi/lib/thumb/v7-m/nofp/libg.a(lib_a-__call_atexit.o)
 .ARM.attributes
                0x00000000000003ef       0x2d /usr/lib/gcc/arm-none-eabi/9.2.1/thumb/v7-m/nofp/crtend.o
 .ARM.attributes
                0x000000000000041c       0x1d /usr/lib/gcc/arm-none-eabi/9.2.1/thumb/v7-m/nofp/crtn.o
OUTPUT(imu2can_f103.elf elf32-littlearm)
LOAD linker stubs
LOAD /usr/lib/gcc/arm-none-eabi/9.2.1/../../../arm-none-eabi/lib/thumb/v7-m/nofp/libc.a
LOAD /usr/lib/gcc/arm-none-eabi/9.2.1/../../../arm-none-eabi/lib/thumb/v7-m/nofp/libm.a
LOAD /usr/lib/gcc/arm-none-eabi/9.2.1/thumb/v7-m/nofp/libgcc.a

.comment        0x0000000000000000       0xa7
 .comment       0x0000000000000000       0x59 /usr/lib/gcc/arm-none-eabi/9.2.1/thumb/v7-m/nofp/crtbegin.o
                                         0x5a (size before relaxing)
 .comment       0x0000000000000059       0x5a CMakeFiles/imu2can_f103.elf.dir/Drivers/STM32F1xx_HAL_Driver/Src/stm32f1xx_hal.c.obj
 .comment       0x0000000000000059       0x5a CMakeFiles/imu2can_f103.elf.dir/Drivers/STM32F1xx_HAL_Driver/Src/stm32f1xx_hal_can.c.obj
 .comment       0x0000000000000059       0x5a CMakeFiles/imu2can_f103.elf.dir/Drivers/STM32F1xx_HAL_Driver/Src/stm32f1xx_hal_cortex.c.obj
 .comment       0x0000000000000059       0x5a CMakeFiles/imu2can_f103.elf.dir/Drivers/STM32F1xx_HAL_Driver/Src/stm32f1xx_hal_dma.c.obj
 .comment       0x0000000000000059       0x5a CMakeFiles/imu2can_f103.elf.dir/Drivers/STM32F1xx_HAL_Driver/Src/stm32f1xx_hal_gpio.c.obj
 .comment       0x0000000000000059       0x5a CMakeFiles/imu2can_f103.elf.dir/Drivers/STM32F1xx_HAL_Driver/Src/stm32f1xx_hal_rcc.c.obj
 .comment       0x0000000000000059       0x5a CMakeFiles/imu2can_f103.elf.dir/Drivers/STM32F1xx_HAL_Driver/Src/stm32f1xx_hal_spi.c.obj
 .comment       0x0000000000000059       0x5a CMakeFiles/imu2can_f103.elf.dir/Drivers/STM32F1xx_HAL_Driver/Src/stm32f1xx_hal_tim.c.obj
 .comment       0x0000000000000059       0x5a CMakeFiles/imu2can_f103.elf.dir/Drivers/STM32F1xx_HAL_Driver/Src/stm32f1xx_hal_tim_ex.c.obj
 .comment       0x0000000000000059       0x5a CMakeFiles/imu2can_f103.elf.dir/Src/main.c.obj
 .comment       0x0000000000000059       0x5a CMakeFiles/imu2can_f103.elf.dir/Src/stm32f1xx_hal_msp.c.obj
 .comment       0x0000000000000059       0x5a CMakeFiles/imu2can_f103.elf.dir/Src/stm32f1xx_it.c.obj
 .comment       0x0000000000000059       0x5a CMakeFiles/imu2can_f103.elf.dir/Src/system_stm32f1xx.c.obj
 .comment       0x0000000000000059       0x4e /usr/lib/gcc/arm-none-eabi/9.2.1/../../../arm-none-eabi/lib/thumb/v7-m/nofp/libg.a(lib_a-atexit.o)
                                         0x4f (size before relaxing)
 .comment       0x00000000000000a7       0x4f /usr/lib/gcc/arm-none-eabi/9.2.1/../../../arm-none-eabi/lib/thumb/v7-m/nofp/libg.a(lib_a-fini.o)
 .comment       0x00000000000000a7       0x4f /usr/lib/gcc/arm-none-eabi/9.2.1/../../../arm-none-eabi/lib/thumb/v7-m/nofp/libg.a(lib_a-impure.o)
 .comment       0x00000000000000a7       0x4f /usr/lib/gcc/arm-none-eabi/9.2.1/../../../arm-none-eabi/lib/thumb/v7-m/nofp/libg.a(lib_a-init.o)
 .comment       0x00000000000000a7       0x4f /usr/lib/gcc/arm-none-eabi/9.2.1/../../../arm-none-eabi/lib/thumb/v7-m/nofp/libg.a(lib_a-memset.o)
 .comment       0x00000000000000a7       0x4f /usr/lib/gcc/arm-none-eabi/9.2.1/../../../arm-none-eabi/lib/thumb/v7-m/nofp/libg.a(lib_a-__atexit.o)
 .comment       0x00000000000000a7       0x4f /usr/lib/gcc/arm-none-eabi/9.2.1/../../../arm-none-eabi/lib/thumb/v7-m/nofp/libg.a(lib_a-__call_atexit.o)
 .comment       0x00000000000000a7       0x5a /usr/lib/gcc/arm-none-eabi/9.2.1/thumb/v7-m/nofp/crtend.o

.debug_info     0x0000000000000000    0x12083
 .debug_info    0x0000000000000000      0x7ef CMakeFiles/imu2can_f103.elf.dir/Drivers/STM32F1xx_HAL_Driver/Src/stm32f1xx_hal.c.obj
 .debug_info    0x00000000000007ef     0x1309 CMakeFiles/imu2can_f103.elf.dir/Drivers/STM32F1xx_HAL_Driver/Src/stm32f1xx_hal_can.c.obj
 .debug_info    0x0000000000001af8      0xe04 CMakeFiles/imu2can_f103.elf.dir/Drivers/STM32F1xx_HAL_Driver/Src/stm32f1xx_hal_cortex.c.obj
 .debug_info    0x00000000000028fc      0x90e CMakeFiles/imu2can_f103.elf.dir/Drivers/STM32F1xx_HAL_Driver/Src/stm32f1xx_hal_dma.c.obj
 .debug_info    0x000000000000320a      0x72b CMakeFiles/imu2can_f103.elf.dir/Drivers/STM32F1xx_HAL_Driver/Src/stm32f1xx_hal_gpio.c.obj
 .debug_info    0x0000000000003935      0xa7b CMakeFiles/imu2can_f103.elf.dir/Drivers/STM32F1xx_HAL_Driver/Src/stm32f1xx_hal_rcc.c.obj
 .debug_info    0x00000000000043b0     0x1e07 CMakeFiles/imu2can_f103.elf.dir/Drivers/STM32F1xx_HAL_Driver/Src/stm32f1xx_hal_spi.c.obj
 .debug_info    0x00000000000061b7     0x3bb0 CMakeFiles/imu2can_f103.elf.dir/Drivers/STM32F1xx_HAL_Driver/Src/stm32f1xx_hal_tim.c.obj
 .debug_info    0x0000000000009d67     0x1aa3 CMakeFiles/imu2can_f103.elf.dir/Drivers/STM32F1xx_HAL_Driver/Src/stm32f1xx_hal_tim_ex.c.obj
 .debug_info    0x000000000000b80a     0x1601 CMakeFiles/imu2can_f103.elf.dir/Src/main.c.obj
 .debug_info    0x000000000000ce0b     0x12e6 CMakeFiles/imu2can_f103.elf.dir/Src/stm32f1xx_hal_msp.c.obj
 .debug_info    0x000000000000e0f1      0x4a4 CMakeFiles/imu2can_f103.elf.dir/Src/stm32f1xx_it.c.obj
 .debug_info    0x000000000000e595      0x2a5 CMakeFiles/imu2can_f103.elf.dir/Src/system_stm32f1xx.c.obj
 .debug_info    0x000000000000e83a       0x22 CMakeFiles/imu2can_f103.elf.dir/startup/startup_stm32f103x6.s.obj
 .debug_info    0x000000000000e85c      0x995 /usr/lib/gcc/arm-none-eabi/9.2.1/../../../arm-none-eabi/lib/thumb/v7-m/nofp/libg.a(lib_a-atexit.o)
 .debug_info    0x000000000000f1f1      0x102 /usr/lib/gcc/arm-none-eabi/9.2.1/../../../arm-none-eabi/lib/thumb/v7-m/nofp/libg.a(lib_a-fini.o)
 .debug_info    0x000000000000f2f3      0x92a /usr/lib/gcc/arm-none-eabi/9.2.1/../../../arm-none-eabi/lib/thumb/v7-m/nofp/libg.a(lib_a-impure.o)
 .debug_info    0x000000000000fc1d      0x11a /usr/lib/gcc/arm-none-eabi/9.2.1/../../../arm-none-eabi/lib/thumb/v7-m/nofp/libg.a(lib_a-init.o)
 .debug_info    0x000000000000fd37      0xf21 /usr/lib/gcc/arm-none-eabi/9.2.1/../../../arm-none-eabi/lib/thumb/v7-m/nofp/libg.a(lib_a-memset.o)
 .debug_info    0x0000000000010c58      0x9d5 /usr/lib/gcc/arm-none-eabi/9.2.1/../../../arm-none-eabi/lib/thumb/v7-m/nofp/libg.a(lib_a-__atexit.o)
 .debug_info    0x000000000001162d      0xa56 /usr/lib/gcc/arm-none-eabi/9.2.1/../../../arm-none-eabi/lib/thumb/v7-m/nofp/libg.a(lib_a-__call_atexit.o)

.debug_abbrev   0x0000000000000000     0x2b27
 .debug_abbrev  0x0000000000000000      0x219 CMakeFiles/imu2can_f103.elf.dir/Drivers/STM32F1xx_HAL_Driver/Src/stm32f1xx_hal.c.obj
 .debug_abbrev  0x0000000000000219      0x272 CMakeFiles/imu2can_f103.elf.dir/Drivers/STM32F1xx_HAL_Driver/Src/stm32f1xx_hal_can.c.obj
 .debug_abbrev  0x000000000000048b      0x367 CMakeFiles/imu2can_f103.elf.dir/Drivers/STM32F1xx_HAL_Driver/Src/stm32f1xx_hal_cortex.c.obj
 .debug_abbrev  0x00000000000007f2      0x262 CMakeFiles/imu2can_f103.elf.dir/Drivers/STM32F1xx_HAL_Driver/Src/stm32f1xx_hal_dma.c.obj
 .debug_abbrev  0x0000000000000a54      0x213 CMakeFiles/imu2can_f103.elf.dir/Drivers/STM32F1xx_HAL_Driver/Src/stm32f1xx_hal_gpio.c.obj
 .debug_abbrev  0x0000000000000c67      0x28d CMakeFiles/imu2can_f103.elf.dir/Drivers/STM32F1xx_HAL_Driver/Src/stm32f1xx_hal_rcc.c.obj
 .debug_abbrev  0x0000000000000ef4      0x267 CMakeFiles/imu2can_f103.elf.dir/Drivers/STM32F1xx_HAL_Driver/Src/stm32f1xx_hal_spi.c.obj
 .debug_abbrev  0x000000000000115b      0x26b CMakeFiles/imu2can_f103.elf.dir/Drivers/STM32F1xx_HAL_Driver/Src/stm32f1xx_hal_tim.c.obj
 .debug_abbrev  0x00000000000013c6      0x26e CMakeFiles/imu2can_f103.elf.dir/Drivers/STM32F1xx_HAL_Driver/Src/stm32f1xx_hal_tim_ex.c.obj
 .debug_abbrev  0x0000000000001634      0x2df CMakeFiles/imu2can_f103.elf.dir/Src/main.c.obj
 .debug_abbrev  0x0000000000001913      0x291 CMakeFiles/imu2can_f103.elf.dir/Src/stm32f1xx_hal_msp.c.obj
 .debug_abbrev  0x0000000000001ba4      0x180 CMakeFiles/imu2can_f103.elf.dir/Src/stm32f1xx_it.c.obj
 .debug_abbrev  0x0000000000001d24      0x151 CMakeFiles/imu2can_f103.elf.dir/Src/system_stm32f1xx.c.obj
 .debug_abbrev  0x0000000000001e75       0x12 CMakeFiles/imu2can_f103.elf.dir/startup/startup_stm32f103x6.s.obj
 .debug_abbrev  0x0000000000001e87      0x232 /usr/lib/gcc/arm-none-eabi/9.2.1/../../../arm-none-eabi/lib/thumb/v7-m/nofp/libg.a(lib_a-atexit.o)
 .debug_abbrev  0x00000000000020b9       0xcf /usr/lib/gcc/arm-none-eabi/9.2.1/../../../arm-none-eabi/lib/thumb/v7-m/nofp/libg.a(lib_a-fini.o)
 .debug_abbrev  0x0000000000002188      0x1b8 /usr/lib/gcc/arm-none-eabi/9.2.1/../../../arm-none-eabi/lib/thumb/v7-m/nofp/libg.a(lib_a-impure.o)
 .debug_abbrev  0x0000000000002340       0xcc /usr/lib/gcc/arm-none-eabi/9.2.1/../../../arm-none-eabi/lib/thumb/v7-m/nofp/libg.a(lib_a-init.o)
 .debug_abbrev  0x000000000000240c      0x217 /usr/lib/gcc/arm-none-eabi/9.2.1/../../../arm-none-eabi/lib/thumb/v7-m/nofp/libg.a(lib_a-memset.o)
 .debug_abbrev  0x0000000000002623      0x252 /usr/lib/gcc/arm-none-eabi/9.2.1/../../../arm-none-eabi/lib/thumb/v7-m/nofp/libg.a(lib_a-__atexit.o)
 .debug_abbrev  0x0000000000002875      0x2b2 /usr/lib/gcc/arm-none-eabi/9.2.1/../../../arm-none-eabi/lib/thumb/v7-m/nofp/libg.a(lib_a-__call_atexit.o)

.debug_loc      0x0000000000000000     0xaf2a
 .debug_loc     0x0000000000000000      0x141 CMakeFiles/imu2can_f103.elf.dir/Drivers/STM32F1xx_HAL_Driver/Src/stm32f1xx_hal.c.obj
 .debug_loc     0x0000000000000141      0xda6 CMakeFiles/imu2can_f103.elf.dir/Drivers/STM32F1xx_HAL_Driver/Src/stm32f1xx_hal_can.c.obj
 .debug_loc     0x0000000000000ee7      0x71f CMakeFiles/imu2can_f103.elf.dir/Drivers/STM32F1xx_HAL_Driver/Src/stm32f1xx_hal_cortex.c.obj
 .debug_loc     0x0000000000001606      0x7d1 CMakeFiles/imu2can_f103.elf.dir/Drivers/STM32F1xx_HAL_Driver/Src/stm32f1xx_hal_dma.c.obj
 .debug_loc     0x0000000000001dd7      0x452 CMakeFiles/imu2can_f103.elf.dir/Drivers/STM32F1xx_HAL_Driver/Src/stm32f1xx_hal_gpio.c.obj
 .debug_loc     0x0000000000002229      0x610 CMakeFiles/imu2can_f103.elf.dir/Drivers/STM32F1xx_HAL_Driver/Src/stm32f1xx_hal_rcc.c.obj
 .debug_loc     0x0000000000002839     0x1d3e CMakeFiles/imu2can_f103.elf.dir/Drivers/STM32F1xx_HAL_Driver/Src/stm32f1xx_hal_spi.c.obj
 .debug_loc     0x0000000000004577     0x46d6 CMakeFiles/imu2can_f103.elf.dir/Drivers/STM32F1xx_HAL_Driver/Src/stm32f1xx_hal_tim.c.obj
 .debug_loc     0x0000000000008c4d     0x1a8b CMakeFiles/imu2can_f103.elf.dir/Drivers/STM32F1xx_HAL_Driver/Src/stm32f1xx_hal_tim_ex.c.obj
 .debug_loc     0x000000000000a6d8      0x14c CMakeFiles/imu2can_f103.elf.dir/Src/stm32f1xx_hal_msp.c.obj
 .debug_loc     0x000000000000a824       0xff CMakeFiles/imu2can_f103.elf.dir/Src/system_stm32f1xx.c.obj
 .debug_loc     0x000000000000a923       0x32 /usr/lib/gcc/arm-none-eabi/9.2.1/../../../arm-none-eabi/lib/thumb/v7-m/nofp/libg.a(lib_a-atexit.o)
 .debug_loc     0x000000000000a955       0x68 /usr/lib/gcc/arm-none-eabi/9.2.1/../../../arm-none-eabi/lib/thumb/v7-m/nofp/libg.a(lib_a-fini.o)
 .debug_loc     0x000000000000a9bd       0xba /usr/lib/gcc/arm-none-eabi/9.2.1/../../../arm-none-eabi/lib/thumb/v7-m/nofp/libg.a(lib_a-init.o)
 .debug_loc     0x000000000000aa77      0x231 /usr/lib/gcc/arm-none-eabi/9.2.1/../../../arm-none-eabi/lib/thumb/v7-m/nofp/libg.a(lib_a-memset.o)
 .debug_loc     0x000000000000aca8      0x138 /usr/lib/gcc/arm-none-eabi/9.2.1/../../../arm-none-eabi/lib/thumb/v7-m/nofp/libg.a(lib_a-__atexit.o)
 .debug_loc     0x000000000000ade0      0x14a /usr/lib/gcc/arm-none-eabi/9.2.1/../../../arm-none-eabi/lib/thumb/v7-m/nofp/libg.a(lib_a-__call_atexit.o)

.debug_aranges  0x0000000000000000      0xd68
 .debug_aranges
                0x0000000000000000       0xe0 CMakeFiles/imu2can_f103.elf.dir/Drivers/STM32F1xx_HAL_Driver/Src/stm32f1xx_hal.c.obj
 .debug_aranges
                0x00000000000000e0      0x138 CMakeFiles/imu2can_f103.elf.dir/Drivers/STM32F1xx_HAL_Driver/Src/stm32f1xx_hal_can.c.obj
 .debug_aranges
                0x0000000000000218       0x90 CMakeFiles/imu2can_f103.elf.dir/Drivers/STM32F1xx_HAL_Driver/Src/stm32f1xx_hal_cortex.c.obj
 .debug_aranges
                0x00000000000002a8       0x80 CMakeFiles/imu2can_f103.elf.dir/Drivers/STM32F1xx_HAL_Driver/Src/stm32f1xx_hal_dma.c.obj
 .debug_aranges
                0x0000000000000328       0x58 CMakeFiles/imu2can_f103.elf.dir/Drivers/STM32F1xx_HAL_Driver/Src/stm32f1xx_hal_gpio.c.obj
 .debug_aranges
                0x0000000000000380       0x90 CMakeFiles/imu2can_f103.elf.dir/Drivers/STM32F1xx_HAL_Driver/Src/stm32f1xx_hal_rcc.c.obj
 .debug_aranges
                0x0000000000000410      0x1d0 CMakeFiles/imu2can_f103.elf.dir/Drivers/STM32F1xx_HAL_Driver/Src/stm32f1xx_hal_spi.c.obj
 .debug_aranges
                0x00000000000005e0      0x3d0 CMakeFiles/imu2can_f103.elf.dir/Drivers/STM32F1xx_HAL_Driver/Src/stm32f1xx_hal_tim.c.obj
 .debug_aranges
                0x00000000000009b0      0x168 CMakeFiles/imu2can_f103.elf.dir/Drivers/STM32F1xx_HAL_Driver/Src/stm32f1xx_hal_tim_ex.c.obj
 .debug_aranges
                0x0000000000000b18       0x58 CMakeFiles/imu2can_f103.elf.dir/Src/main.c.obj
 .debug_aranges
                0x0000000000000b70       0x58 CMakeFiles/imu2can_f103.elf.dir/Src/stm32f1xx_hal_msp.c.obj
 .debug_aranges
                0x0000000000000bc8       0x70 CMakeFiles/imu2can_f103.elf.dir/Src/stm32f1xx_it.c.obj
 .debug_aranges
                0x0000000000000c38       0x28 CMakeFiles/imu2can_f103.elf.dir/Src/system_stm32f1xx.c.obj
 .debug_aranges
                0x0000000000000c60       0x28 CMakeFiles/imu2can_f103.elf.dir/startup/startup_stm32f103x6.s.obj
 .debug_aranges
                0x0000000000000c88       0x20 /usr/lib/gcc/arm-none-eabi/9.2.1/../../../arm-none-eabi/lib/thumb/v7-m/nofp/libg.a(lib_a-atexit.o)
 .debug_aranges
                0x0000000000000ca8       0x20 /usr/lib/gcc/arm-none-eabi/9.2.1/../../../arm-none-eabi/lib/thumb/v7-m/nofp/libg.a(lib_a-fini.o)
 .debug_aranges
                0x0000000000000cc8       0x18 /usr/lib/gcc/arm-none-eabi/9.2.1/../../../arm-none-eabi/lib/thumb/v7-m/nofp/libg.a(lib_a-impure.o)
 .debug_aranges
                0x0000000000000ce0       0x20 /usr/lib/gcc/arm-none-eabi/9.2.1/../../../arm-none-eabi/lib/thumb/v7-m/nofp/libg.a(lib_a-init.o)
 .debug_aranges
                0x0000000000000d00       0x20 /usr/lib/gcc/arm-none-eabi/9.2.1/../../../arm-none-eabi/lib/thumb/v7-m/nofp/libg.a(lib_a-memset.o)
 .debug_aranges
                0x0000000000000d20       0x20 /usr/lib/gcc/arm-none-eabi/9.2.1/../../../arm-none-eabi/lib/thumb/v7-m/nofp/libg.a(lib_a-__atexit.o)
 .debug_aranges
                0x0000000000000d40       0x28 /usr/lib/gcc/arm-none-eabi/9.2.1/../../../arm-none-eabi/lib/thumb/v7-m/nofp/libg.a(lib_a-__call_atexit.o)

.debug_ranges   0x0000000000000000      0xc68
 .debug_ranges  0x0000000000000000       0xd0 CMakeFiles/imu2can_f103.elf.dir/Drivers/STM32F1xx_HAL_Driver/Src/stm32f1xx_hal.c.obj
 .debug_ranges  0x00000000000000d0      0x128 CMakeFiles/imu2can_f103.elf.dir/Drivers/STM32F1xx_HAL_Driver/Src/stm32f1xx_hal_can.c.obj
 .debug_ranges  0x00000000000001f8       0xe0 CMakeFiles/imu2can_f103.elf.dir/Drivers/STM32F1xx_HAL_Driver/Src/stm32f1xx_hal_cortex.c.obj
 .debug_ranges  0x00000000000002d8       0x70 CMakeFiles/imu2can_f103.elf.dir/Drivers/STM32F1xx_HAL_Driver/Src/stm32f1xx_hal_dma.c.obj
 .debug_ranges  0x0000000000000348       0x48 CMakeFiles/imu2can_f103.elf.dir/Drivers/STM32F1xx_HAL_Driver/Src/stm32f1xx_hal_gpio.c.obj
 .debug_ranges  0x0000000000000390       0xa0 CMakeFiles/imu2can_f103.elf.dir/Drivers/STM32F1xx_HAL_Driver/Src/stm32f1xx_hal_rcc.c.obj
 .debug_ranges  0x0000000000000430      0x1c0 CMakeFiles/imu2can_f103.elf.dir/Drivers/STM32F1xx_HAL_Driver/Src/stm32f1xx_hal_spi.c.obj
 .debug_ranges  0x00000000000005f0      0x3c0 CMakeFiles/imu2can_f103.elf.dir/Drivers/STM32F1xx_HAL_Driver/Src/stm32f1xx_hal_tim.c.obj
 .debug_ranges  0x00000000000009b0      0x158 CMakeFiles/imu2can_f103.elf.dir/Drivers/STM32F1xx_HAL_Driver/Src/stm32f1xx_hal_tim_ex.c.obj
 .debug_ranges  0x0000000000000b08       0x48 CMakeFiles/imu2can_f103.elf.dir/Src/main.c.obj
 .debug_ranges  0x0000000000000b50       0x48 CMakeFiles/imu2can_f103.elf.dir/Src/stm32f1xx_hal_msp.c.obj
 .debug_ranges  0x0000000000000b98       0x60 CMakeFiles/imu2can_f103.elf.dir/Src/stm32f1xx_it.c.obj
 .debug_ranges  0x0000000000000bf8       0x18 CMakeFiles/imu2can_f103.elf.dir/Src/system_stm32f1xx.c.obj
 .debug_ranges  0x0000000000000c10       0x20 CMakeFiles/imu2can_f103.elf.dir/startup/startup_stm32f103x6.s.obj
 .debug_ranges  0x0000000000000c30       0x38 /usr/lib/gcc/arm-none-eabi/9.2.1/../../../arm-none-eabi/lib/thumb/v7-m/nofp/libg.a(lib_a-__call_atexit.o)

.debug_line     0x0000000000000000     0xdbfe
 .debug_line    0x0000000000000000      0x514 CMakeFiles/imu2can_f103.elf.dir/Drivers/STM32F1xx_HAL_Driver/Src/stm32f1xx_hal.c.obj
 .debug_line    0x0000000000000514     0x1116 CMakeFiles/imu2can_f103.elf.dir/Drivers/STM32F1xx_HAL_Driver/Src/stm32f1xx_hal_can.c.obj
 .debug_line    0x000000000000162a      0x66a CMakeFiles/imu2can_f103.elf.dir/Drivers/STM32F1xx_HAL_Driver/Src/stm32f1xx_hal_cortex.c.obj
 .debug_line    0x0000000000001c94      0xa89 CMakeFiles/imu2can_f103.elf.dir/Drivers/STM32F1xx_HAL_Driver/Src/stm32f1xx_hal_dma.c.obj
 .debug_line    0x000000000000271d      0x605 CMakeFiles/imu2can_f103.elf.dir/Drivers/STM32F1xx_HAL_Driver/Src/stm32f1xx_hal_gpio.c.obj
 .debug_line    0x0000000000002d22      0xc31 CMakeFiles/imu2can_f103.elf.dir/Drivers/STM32F1xx_HAL_Driver/Src/stm32f1xx_hal_rcc.c.obj
 .debug_line    0x0000000000003953     0x2462 CMakeFiles/imu2can_f103.elf.dir/Drivers/STM32F1xx_HAL_Driver/Src/stm32f1xx_hal_spi.c.obj
 .debug_line    0x0000000000005db5     0x4652 CMakeFiles/imu2can_f103.elf.dir/Drivers/STM32F1xx_HAL_Driver/Src/stm32f1xx_hal_tim.c.obj
 .debug_line    0x000000000000a407     0x1b66 CMakeFiles/imu2can_f103.elf.dir/Drivers/STM32F1xx_HAL_Driver/Src/stm32f1xx_hal_tim_ex.c.obj
 .debug_line    0x000000000000bf6d      0x68e CMakeFiles/imu2can_f103.elf.dir/Src/main.c.obj
 .debug_line    0x000000000000c5fb      0x535 CMakeFiles/imu2can_f103.elf.dir/Src/stm32f1xx_hal_msp.c.obj
 .debug_line    0x000000000000cb30      0x308 CMakeFiles/imu2can_f103.elf.dir/Src/stm32f1xx_it.c.obj
 .debug_line    0x000000000000ce38      0x27f CMakeFiles/imu2can_f103.elf.dir/Src/system_stm32f1xx.c.obj
 .debug_line    0x000000000000d0b7       0xa0 CMakeFiles/imu2can_f103.elf.dir/startup/startup_stm32f103x6.s.obj
 .debug_line    0x000000000000d157      0x14a /usr/lib/gcc/arm-none-eabi/9.2.1/../../../arm-none-eabi/lib/thumb/v7-m/nofp/libg.a(lib_a-atexit.o)
 .debug_line    0x000000000000d2a1       0xd7 /usr/lib/gcc/arm-none-eabi/9.2.1/../../../arm-none-eabi/lib/thumb/v7-m/nofp/libg.a(lib_a-fini.o)
 .debug_line    0x000000000000d378       0xe3 /usr/lib/gcc/arm-none-eabi/9.2.1/../../../arm-none-eabi/lib/thumb/v7-m/nofp/libg.a(lib_a-impure.o)
 .debug_line    0x000000000000d45b      0x114 /usr/lib/gcc/arm-none-eabi/9.2.1/../../../arm-none-eabi/lib/thumb/v7-m/nofp/libg.a(lib_a-init.o)
 .debug_line    0x000000000000d56f      0x26b /usr/lib/gcc/arm-none-eabi/9.2.1/../../../arm-none-eabi/lib/thumb/v7-m/nofp/libg.a(lib_a-memset.o)
 .debug_line    0x000000000000d7da      0x1e7 /usr/lib/gcc/arm-none-eabi/9.2.1/../../../arm-none-eabi/lib/thumb/v7-m/nofp/libg.a(lib_a-__atexit.o)
 .debug_line    0x000000000000d9c1      0x23d /usr/lib/gcc/arm-none-eabi/9.2.1/../../../arm-none-eabi/lib/thumb/v7-m/nofp/libg.a(lib_a-__call_atexit.o)

.debug_str      0x0000000000000000     0x496a
 .debug_str     0x0000000000000000      0x816 CMakeFiles/imu2can_f103.elf.dir/Drivers/STM32F1xx_HAL_Driver/Src/stm32f1xx_hal.c.obj
                                        0x878 (size before relaxing)
 .debug_str     0x0000000000000816      0x807 CMakeFiles/imu2can_f103.elf.dir/Drivers/STM32F1xx_HAL_Driver/Src/stm32f1xx_hal_can.c.obj
                                        0xb4b (size before relaxing)
 .debug_str     0x000000000000101d      0x3b3 CMakeFiles/imu2can_f103.elf.dir/Drivers/STM32F1xx_HAL_Driver/Src/stm32f1xx_hal_cortex.c.obj
                                        0x994 (size before relaxing)
 .debug_str     0x00000000000013d0      0x3f3 CMakeFiles/imu2can_f103.elf.dir/Drivers/STM32F1xx_HAL_Driver/Src/stm32f1xx_hal_dma.c.obj
                                        0x71c (size before relaxing)
 .debug_str     0x00000000000017c3      0x1e8 CMakeFiles/imu2can_f103.elf.dir/Drivers/STM32F1xx_HAL_Driver/Src/stm32f1xx_hal_gpio.c.obj
                                        0x514 (size before relaxing)
 .debug_str     0x00000000000019ab      0x33b CMakeFiles/imu2can_f103.elf.dir/Drivers/STM32F1xx_HAL_Driver/Src/stm32f1xx_hal_rcc.c.obj
                                        0x6f6 (size before relaxing)
 .debug_str     0x0000000000001ce6      0x725 CMakeFiles/imu2can_f103.elf.dir/Drivers/STM32F1xx_HAL_Driver/Src/stm32f1xx_hal_spi.c.obj
                                        0xc59 (size before relaxing)
 .debug_str     0x000000000000240b     0x11bc CMakeFiles/imu2can_f103.elf.dir/Drivers/STM32F1xx_HAL_Driver/Src/stm32f1xx_hal_tim.c.obj
                                       0x174c (size before relaxing)
 .debug_str     0x00000000000035c7      0x5b4 CMakeFiles/imu2can_f103.elf.dir/Drivers/STM32F1xx_HAL_Driver/Src/stm32f1xx_hal_tim_ex.c.obj
                                        0xf4d (size before relaxing)
 .debug_str     0x0000000000003b7b      0x112 CMakeFiles/imu2can_f103.elf.dir/Src/main.c.obj
                                       0x12e2 (size before relaxing)
 .debug_str     0x0000000000003c8d       0x54 CMakeFiles/imu2can_f103.elf.dir/Src/stm32f1xx_hal_msp.c.obj
                                        0xd94 (size before relaxing)
 .debug_str     0x0000000000003ce1       0xf8 CMakeFiles/imu2can_f103.elf.dir/Src/stm32f1xx_it.c.obj
                                        0x586 (size before relaxing)
 .debug_str     0x0000000000003dd9       0x6d CMakeFiles/imu2can_f103.elf.dir/Src/system_stm32f1xx.c.obj
                                        0x330 (size before relaxing)
 .debug_str     0x0000000000003e46       0x4d CMakeFiles/imu2can_f103.elf.dir/startup/startup_stm32f103x6.s.obj
                                         0x82 (size before relaxing)
 .debug_str     0x0000000000003e93      0x512 /usr/lib/gcc/arm-none-eabi/9.2.1/../../../arm-none-eabi/lib/thumb/v7-m/nofp/libg.a(lib_a-atexit.o)
                                        0x5e3 (size before relaxing)
 .debug_str     0x00000000000043a5       0xc4 /usr/lib/gcc/arm-none-eabi/9.2.1/../../../arm-none-eabi/lib/thumb/v7-m/nofp/libg.a(lib_a-fini.o)
                                        0x1f2 (size before relaxing)
 .debug_str     0x0000000000004469       0x97 /usr/lib/gcc/arm-none-eabi/9.2.1/../../../arm-none-eabi/lib/thumb/v7-m/nofp/libg.a(lib_a-impure.o)
                                        0x598 (size before relaxing)
 .debug_str     0x0000000000004500       0x96 /usr/lib/gcc/arm-none-eabi/9.2.1/../../../arm-none-eabi/lib/thumb/v7-m/nofp/libg.a(lib_a-init.o)
                                        0x21c (size before relaxing)
 .debug_str     0x0000000000004596      0x30c /usr/lib/gcc/arm-none-eabi/9.2.1/../../../arm-none-eabi/lib/thumb/v7-m/nofp/libg.a(lib_a-memset.o)
                                        0x8c5 (size before relaxing)
 .debug_str     0x00000000000048a2       0x54 /usr/lib/gcc/arm-none-eabi/9.2.1/../../../arm-none-eabi/lib/thumb/v7-m/nofp/libg.a(lib_a-__atexit.o)
                                        0x601 (size before relaxing)
 .debug_str     0x00000000000048f6       0x74 /usr/lib/gcc/arm-none-eabi/9.2.1/../../../arm-none-eabi/lib/thumb/v7-m/nofp/libg.a(lib_a-__call_atexit.o)
                                        0x614 (size before relaxing)

.debug_frame    0x0000000000000000     0x2290
 .debug_frame   0x0000000000000000      0x1cc CMakeFiles/imu2can_f103.elf.dir/Drivers/STM32F1xx_HAL_Driver/Src/stm32f1xx_hal.c.obj
 .debug_frame   0x00000000000001cc      0x2dc CMakeFiles/imu2can_f103.elf.dir/Drivers/STM32F1xx_HAL_Driver/Src/stm32f1xx_hal_can.c.obj
 .debug_frame   0x00000000000004a8      0x12c CMakeFiles/imu2can_f103.elf.dir/Drivers/STM32F1xx_HAL_Driver/Src/stm32f1xx_hal_cortex.c.obj
 .debug_frame   0x00000000000005d4      0x148 CMakeFiles/imu2can_f103.elf.dir/Drivers/STM32F1xx_HAL_Driver/Src/stm32f1xx_hal_dma.c.obj
 .debug_frame   0x000000000000071c       0xe8 CMakeFiles/imu2can_f103.elf.dir/Drivers/STM32F1xx_HAL_Driver/Src/stm32f1xx_hal_gpio.c.obj
 .debug_frame   0x0000000000000804      0x190 CMakeFiles/imu2can_f103.elf.dir/Drivers/STM32F1xx_HAL_Driver/Src/stm32f1xx_hal_rcc.c.obj
 .debug_frame   0x0000000000000994      0x5a0 CMakeFiles/imu2can_f103.elf.dir/Drivers/STM32F1xx_HAL_Driver/Src/stm32f1xx_hal_spi.c.obj
 .debug_frame   0x0000000000000f34      0xb2c CMakeFiles/imu2can_f103.elf.dir/Drivers/STM32F1xx_HAL_Driver/Src/stm32f1xx_hal_tim.c.obj
 .debug_frame   0x0000000000001a60      0x420 CMakeFiles/imu2can_f103.elf.dir/Drivers/STM32F1xx_HAL_Driver/Src/stm32f1xx_hal_tim_ex.c.obj
 .debug_frame   0x0000000000001e80       0xe4 CMakeFiles/imu2can_f103.elf.dir/Src/main.c.obj
 .debug_frame   0x0000000000001f64       0xe4 CMakeFiles/imu2can_f103.elf.dir/Src/stm32f1xx_hal_msp.c.obj
 .debug_frame   0x0000000000002048       0xd8 CMakeFiles/imu2can_f103.elf.dir/Src/stm32f1xx_it.c.obj
 .debug_frame   0x0000000000002120       0x30 CMakeFiles/imu2can_f103.elf.dir/Src/system_stm32f1xx.c.obj
 .debug_frame   0x0000000000002150       0x20 /usr/lib/gcc/arm-none-eabi/9.2.1/../../../arm-none-eabi/lib/thumb/v7-m/nofp/libg.a(lib_a-atexit.o)
 .debug_frame   0x0000000000002170       0x34 /usr/lib/gcc/arm-none-eabi/9.2.1/../../../arm-none-eabi/lib/thumb/v7-m/nofp/libg.a(lib_a-fini.o)
 .debug_frame   0x00000000000021a4       0x2c /usr/lib/gcc/arm-none-eabi/9.2.1/../../../arm-none-eabi/lib/thumb/v7-m/nofp/libg.a(lib_a-init.o)
 .debug_frame   0x00000000000021d0       0x38 /usr/lib/gcc/arm-none-eabi/9.2.1/../../../arm-none-eabi/lib/thumb/v7-m/nofp/libg.a(lib_a-memset.o)
 .debug_frame   0x0000000000002208       0x38 /usr/lib/gcc/arm-none-eabi/9.2.1/../../../arm-none-eabi/lib/thumb/v7-m/nofp/libg.a(lib_a-__atexit.o)
 .debug_frame   0x0000000000002240       0x50 /usr/lib/gcc/arm-none-eabi/9.2.1/../../../arm-none-eabi/lib/thumb/v7-m/nofp/libg.a(lib_a-__call_atexit.o)
